MO M2_1_MXILINX_MODE_3 NULL MODE_3.vf vlg65/_m2__1___m_x_i_l_i_n_x___m_o_d_e__3.bin 1596296753
MO FJKC_MXILINX_Top_Design_Thing NULL Top_Design_Thing.vf vlg3E/_f_j_k_c___m_x_i_l_i_n_x___top___design___thing.bin 1596296753
MO M2_1_MXILINX_mode1 NULL mode1.vf vlg5C/_m2__1___m_x_i_l_i_n_x__mode1.bin 1596296753
EN clock NULL C:/Users/ECE/Desktop/Project_common/clk.vhd sub00/vhpl00 1596296755
MO AND9_MXILINX_mode1 NULL mode1.vf vlg25/_a_n_d9___m_x_i_l_i_n_x__mode1.bin 1596296753
MO lcd NULL ../Project_common/lcd.v vlg5F/lcd.bin 1596296753
MO mute_control NULL mute_control.vf vlg03/mute__control.bin 1596296753
MO ADD8_MXILINX_Top_Design_Thing NULL Top_Design_Thing.vf vlg15/_a_d_d8___m_x_i_l_i_n_x___top___design___thing.bin 1596296753
MO M2_1_MXILINX_MODE_SELECT NULL MODE_SELECT.vf vlg7A/_m2__1___m_x_i_l_i_n_x___m_o_d_e___s_e_l_e_c_t.bin 1596296753
MO M2_1_MXILINX_Top_Design_Thing NULL Top_Design_Thing.vf vlg57/_m2__1___m_x_i_l_i_n_x___top___design___thing.bin 1596296753
MO button_control NULL button_control.vf vlg14/button__control.bin 1596296753
MO COMP2_MXILINX_Top_Design_Thing NULL Top_Design_Thing.vf vlg15/_c_o_m_p2___m_x_i_l_i_n_x___top___design___thing.bin 1596296753
MO NOR9_MXILINX_mode1 NULL mode1.vf vlg1D/_n_o_r9___m_x_i_l_i_n_x__mode1.bin 1596296753
MO password NULL password.vf vlg3B/password.bin 1596296753
MO CB2CLED_MXILINX_Top_Design_Thing NULL Top_Design_Thing.vf vlg67/_c_b2_c_l_e_d___m_x_i_l_i_n_x___top___design___thing.bin 1596296753
MO FTCLEX_MXILINX_mode1 NULL mode1.vf vlg53/_f_t_c_l_e_x___m_x_i_l_i_n_x__mode1.bin 1596296753
MO CB8CLED_MXILINX_mode1 NULL mode1.vf vlg42/_c_b8_c_l_e_d___m_x_i_l_i_n_x__mode1.bin 1596296753
MO ADD8_MXILINX_mode1 NULL mode1.vf vlg32/_a_d_d8___m_x_i_l_i_n_x__mode1.bin 1596296753
MO M2_1E_MXILINX_Top_Design_Thing NULL Top_Design_Thing.vf vlg5C/_m2__1_e___m_x_i_l_i_n_x___top___design___thing.bin 1596296753
MO button_control_MUSER_Top_Design_Thing NULL Top_Design_Thing.vf vlg7F/button__control___m_u_s_e_r___top___design___thing.bin 1596296753
MO mute_control_MUSER_Top_Design_Thing NULL Top_Design_Thing.vf vlg42/mute__control___m_u_s_e_r___top___design___thing.bin 1596296753
MO CD4CE_MXILINX_Top_Design_Thing NULL Top_Design_Thing.vf vlg5F/_c_d4_c_e___m_x_i_l_i_n_x___top___design___thing.bin 1596296753
MO MODE_3 NULL MODE_3.vf vlg4F/_m_o_d_e__3.bin 1596296753
AR clock behavioral C:/Users/ECE/Desktop/Project_common/clk.vhd sub00/vhpl01 1596296756
MO volume_control_MUSER_Top_Design_Thing NULL Top_Design_Thing.vf vlg6B/volume__control___m_u_s_e_r___top___design___thing.bin 1596296753
MO volume_control NULL volume_control.vf vlg30/volume__control.bin 1596296753
MO FTCLEX_MXILINX_MODE_SELECT NULL MODE_SELECT.vf vlg29/_f_t_c_l_e_x___m_x_i_l_i_n_x___m_o_d_e___s_e_l_e_c_t.bin 1596296753
MO MODE_SELECT_MUSER_Top_Design_Thing NULL Top_Design_Thing.vf vlg77/_m_o_d_e___s_e_l_e_c_t___m_u_s_e_r___top___design___thing.bin 1596296753
MO D2_4E_MXILINX_Top_Design_Thing NULL Top_Design_Thing.vf vlg0A/_d2__4_e___m_x_i_l_i_n_x___top___design___thing.bin 1596296753
MO mode1_MUSER_Top_Design_Thing NULL Top_Design_Thing.vf vlg61/mode1___m_u_s_e_r___top___design___thing.bin 1596296753
MO M2_1B1_MXILINX_MODE_SELECT NULL MODE_SELECT.vf vlg2D/_m2__1_b1___m_x_i_l_i_n_x___m_o_d_e___s_e_l_e_c_t.bin 1596296753
EN pulser NULL C:/Users/ECE/Desktop/Project_common/pulser.vhd sub00/vhpl02 1596296757
MO Top_Design_Thing NULL Top_Design_Thing.vf vlg71/_top___design___thing.bin 1596296753
MO MODE_3_MUSER_Top_Design_Thing NULL Top_Design_Thing.vf vlg1E/_m_o_d_e__3___m_u_s_e_r___top___design___thing.bin 1596296753
AR pulser behavioral C:/Users/ECE/Desktop/Project_common/pulser.vhd sub00/vhpl03 1596296758
MO M2_1E_MXILINX_password NULL password.vf vlg06/_m2__1_e___m_x_i_l_i_n_x__password.bin 1596296753
MO FJKC_MXILINX_mode1 NULL mode1.vf vlg6F/_f_j_k_c___m_x_i_l_i_n_x__mode1.bin 1596296753
EN binbcd7 NULL C:/Users/ECE/Desktop/Project_common/binbcd7.vhd sub00/vhpl04 1596296753
MO CB2CLED_MXILINX_MODE_3 NULL MODE_3.vf vlg75/_c_b2_c_l_e_d___m_x_i_l_i_n_x___m_o_d_e__3.bin 1596296753
MO M4_1E_MXILINX_mode1 NULL mode1.vf vlg2F/_m4__1_e___m_x_i_l_i_n_x__mode1.bin 1596296753
MO CB8CLED_MXILINX_Top_Design_Thing NULL Top_Design_Thing.vf vlg65/_c_b8_c_l_e_d___m_x_i_l_i_n_x___top___design___thing.bin 1596296753
MO COMP2_MXILINX_password NULL password.vf vlg5F/_c_o_m_p2___m_x_i_l_i_n_x__password.bin 1596296753
MO CD4CE_MXILINX_mode1 NULL mode1.vf vlg04/_c_d4_c_e___m_x_i_l_i_n_x__mode1.bin 1596296753
MO M2_1B1_MXILINX_mode1 NULL mode1.vf vlg37/_m2__1_b1___m_x_i_l_i_n_x__mode1.bin 1596296753
AR binbcd7 behavioral C:/Users/ECE/Desktop/Project_common/binbcd7.vhd sub00/vhpl05 1596296754
MO FTCLEX_MXILINX_Top_Design_Thing NULL Top_Design_Thing.vf vlg12/_f_t_c_l_e_x___m_x_i_l_i_n_x___top___design___thing.bin 1596296753
MO OUTPUT_LCD NULL ../Project_common/OUTPUT_LOGIC.v vlg03/_o_u_t_p_u_t___l_c_d.bin 1596296753
MO M2_1B1_MXILINX_MODE_3 NULL MODE_3.vf vlg2C/_m2__1_b1___m_x_i_l_i_n_x___m_o_d_e__3.bin 1596296753
MO mode1 NULL mode1.vf vlg3E/mode1.bin 1596296753
MO CB2CLED_MXILINX_MODE_SELECT NULL MODE_SELECT.vf vlg4A/_c_b2_c_l_e_d___m_x_i_l_i_n_x___m_o_d_e___s_e_l_e_c_t.bin 1596296753
MO M4_1E_MXILINX_password NULL password.vf vlg68/_m4__1_e___m_x_i_l_i_n_x__password.bin 1596296753
MO M2_1B1_MXILINX_Top_Design_Thing NULL Top_Design_Thing.vf vlg66/_m2__1_b1___m_x_i_l_i_n_x___top___design___thing.bin 1596296753
MO password_MUSER_Top_Design_Thing NULL Top_Design_Thing.vf vlg1A/password___m_u_s_e_r___top___design___thing.bin 1596296753
MO FTCLEX_MXILINX_MODE_3 NULL MODE_3.vf vlg38/_f_t_c_l_e_x___m_x_i_l_i_n_x___m_o_d_e__3.bin 1596296753
MO MODE_SELECT NULL MODE_SELECT.vf vlg6C/_m_o_d_e___s_e_l_e_c_t.bin 1596296753
MO NOR9_MXILINX_Top_Design_Thing NULL Top_Design_Thing.vf vlg74/_n_o_r9___m_x_i_l_i_n_x___top___design___thing.bin 1596296753
MO AND9_MXILINX_Top_Design_Thing NULL Top_Design_Thing.vf vlg5C/_a_n_d9___m_x_i_l_i_n_x___top___design___thing.bin 1596296753
MO M2_1E_MXILINX_mode1 NULL mode1.vf vlg25/_m2__1_e___m_x_i_l_i_n_x__mode1.bin 1596296753
MO M4_1E_MXILINX_Top_Design_Thing NULL Top_Design_Thing.vf vlg7E/_m4__1_e___m_x_i_l_i_n_x___top___design___thing.bin 1596296753
